<<<<<<< HEAD
[실습2]
workspace 안에 test3 폴더 생성
1. git 환경 설정 내용을 확인
kimys@sun MINGW64 /e/web_0900_kys/git/workspace/test3
$ git config --list
diff.astextplain.textconv=astextplain
filter.lfs.clean=git-lfs clean -- %f
filter.lfs.smudge=git-lfs smudge -- %f
filter.lfs.process=git-lfs filter-process
filter.lfs.required=true
http.sslbackend=schannel
core.autocrlf=true
core.fscache=true
core.symlinks=false
pull.rebase=false
credential.helper=manager
credential.https://dev.azure.com.usehttppath=true
init.defaultbranch=master

kimys@sun MINGW64 /e/web_0900_kys/git/workspace/test3
$ git config --global user.name "yeoungsun1"

kimys@sun MINGW64 /e/web_0900_kys/git/workspace/test3
$ git config --global user.email "koreait.sun@gmail.com"

kimys@sun MINGW64 /e/web_0900_kys/git/workspace/test3
$ git config --list
diff.astextplain.textconv=astextplain
filter.lfs.clean=git-lfs clean -- %f
filter.lfs.smudge=git-lfs smudge -- %f
filter.lfs.process=git-lfs filter-process
filter.lfs.required=true
http.sslbackend=schannel
core.autocrlf=true
core.fscache=true
core.symlinks=false
pull.rebase=false
credential.helper=manager
credential.https://dev.azure.com.usehttppath=true
init.defaultbranch=master
user.name=yeoungsun1
user.email=koreait.sun@gmail.com

=> user.name과 user.email 추가됨 확인 가능

2. 현재 디렉터리를 git 저장소로 초기화

kimys@sun MINGW64 /e/web_0900_kys/git/workspace/test3
$ git init
Initialized empty Git repository in E:/web_0900_kys/git/workspace/test3/.git/

3. dev, test 폴더 2개 생성	

=> test3 폴더 안에 dev 폴더, test 폴더 생성

4. 현재 작업 공간 확인
	=> 비어있는 폴더만 있을 땐 git status 시 아무것도 나오지 않음(정상)

kimys@sun MINGW64 /e/web_0900_kys/git/workspace/test3 (master)
$ git status
On branch master

No commits yet

nothing to commit (create/copy files and use "git add" to track)

=> git status 확인 시 변화 없음 확인가능

5. dev 폴더에 login.txt 파일과 join.txt 파일 생성

=> dev 폴더 안에서 login.txt, join.txt 파일 생성 후 상태 확인

kimys@sun MINGW64 /e/web_0900_kys/git/workspace/test3 (master)
$ git status
On branch master

No commits yet

Untracked files:
  (use "git add <file>..." to include in what will be committed)
        dev/

nothing added to commit but untracked files present (use "git add" to track)

6. dev 폴더에 저장된 파일만 스테이징 후 커밋
	커밋메시지 : 날짜+시간 어떤 파일을 뭐했는지로 작성

kimys@sun MINGW64 /e/web_0900_kys/git/workspace/test3 (master)
$ git add .

kimys@sun MINGW64 /e/web_0900_kys/git/workspace/test3 (master)
$ git status
On branch master

No commits yet

Changes to be committed:
  (use "git rm --cached <file>..." to unstage)
        new file:   dev/join.txt
        new file:   dev/login.txt

=> 스테이징 된 것 확인

kimys@sun MINGW64 /e/web_0900_kys/git/workspace/test3 (master)
$ git commit -m "251229 19:39 join.txt, login.txt 파일 생성"
[master (root-commit) 9af53c2] 251229 19:39 join.txt, login.txt 파일 생성
 2 files changed, 0 insertions(+), 0 deletions(-)
 create mode 100644 dev/join.txt
 create mode 100644 dev/login.txt

kimys@sun MINGW64 /e/web_0900_kys/git/workspace/test3 (master)
$ git status
On branch master
nothing to commit, working tree clean

kimys@sun MINGW64 /e/web_0900_kys/git/workspace/test3 (master)
$ git log
commit 9af53c27c2aa62acb2dd938cd5faecfbf6f433a9 (HEAD -> master)
Author: yeoungsun1 <koreait.sun@gmail.com>
Date:   Mon Dec 29 19:40:09 2025 +0900

    251229 19:39 join.txt, login.txt 파일 생성

=> 커밋 후 로그까지 확인

7. test 폴더에 test.txt 파일 생성 후 파일 안에 테스트 중입니다 작성 후 저장

=> test 폴더에 test.txt 파일 생성 후 테스트 중입니다 작성 후 저장

kimys@sun MINGW64 /e/web_0900_kys/git/workspace/test3 (master)
$ git status
On branch master
Untracked files:
  (use "git add <file>..." to include in what will be committed)
        test/

nothing added to commit but untracked files present (use "git add" to track)
=> git status로 상태확인, Untracked 상태 확인 가능

8. dev 폴더에 저장된 login.txt 파일에 아이디와 비밀번호 입력하세요 내용 작성 후 저장

=> dev 폴더안에 login.txt 파일에 내용 수정 : 아이디와 비밀번호를 입력하세요 작성 후 저장

9. 현재 작업 공간 상태 확인

=> 파일의 상태 확인
kimys@sun MINGW64 /e/web_0900_kys/git/workspace/test3 (master)
$ git status
On branch master
Changes not staged for commit:
  (use "git add <file>..." to update what will be committed)
  (use "git restore <file>..." to discard changes in working directory)
        modified:   dev/login.txt

Untracked files:
  (use "git add <file>..." to include in what will be committed)
        test/

no changes added to commit (use "git add" and/or "git commit -a")

=> Untracked files 확인 가능

10. dev, test 폴더 하위 파일들 모두 한번에 스테이징

kimys@sun MINGW64 /e/web_0900_kys/git/workspace/test3 (master)
$ git add .

kimys@sun MINGW64 /e/web_0900_kys/git/workspace/test3 (master)
$ git status
On branch master
Changes to be committed:
  (use "git restore --staged <file>..." to unstage)
        modified:   dev/login.txt
        new file:   test/test.txt

=> 파일 상태가 modified와 new file로 뜨는 것 확인가능

11. 커밋진행
	커밋 메시지 : 날짜+시간 어떤 파일의 뭘 생성했고 수정했는지 작성

kimys@sun MINGW64 /e/web_0900_kys/git/workspace/test3 (master)
$ git commit -m "251229 19:45 dev/login.txt 파일내용 수정, test/test.txt 파일 생성"
[master 213191c] 251229 19:45 dev/login.txt 파일내용 수정, test/test.txt 파일 생성
 2 files changed, 2 insertions(+)
 create mode 100644 test/test.txt

kimys@sun MINGW64 /e/web_0900_kys/git/workspace/test3 (master)
$ git status
On branch master
nothing to commit, working tree clean

kimys@sun MINGW64 /e/web_0900_kys/git/workspace/test3 (master)
$ git log
commit 213191c07721f11eda4bcc2df796710438f480b6 (HEAD -> master)
Author: yeoungsun1 <koreait.sun@gmail.com>
Date:   Mon Dec 29 19:45:36 2025 +0900

    251229 19:45 dev/login.txt 파일내용 수정, test/test.txt 파일 생성

commit 9af53c27c2aa62acb2dd938cd5faecfbf6f433a9
Author: yeoungsun1 <koreait.sun@gmail.com>
Date:   Mon Dec 29 19:40:09 2025 +0900

    251229 19:39 join.txt, login.txt 파일 생성

=> log까지 확인

12. 가장 최근 커밋 메시지 수정(vim으로 수정할 것!)
	커밋 메시지 : 날짜+시간 본인이름 test폴더 안의 내용 수정

kimys@sun MINGW64 /e/web_0900_kys/git/workspace/test3 (master)
$ git commit --amend

=> i 누르고 엔터, 맨 위에 있는 내용 지우고 커밋 메시지 수정
=> 다 변경되면 esc 누른 뒤 : wq로 나오기


[master 7b518b4] 251229 19:48 김영선 test폴더 안의 내용 수정
 Date: Mon Dec 29 19:45:36 2025 +0900
 2 files changed, 2 insertions(+)
 create mode 100644 test/test.txt

kimys@sun MINGW64 /e/web_0900_kys/git/workspace/test3 (master)
$ git log
commit 7b518b4b4fa02f9ed10b1729ef9de0d90c0e6da8 (HEAD -> master)
Author: yeoungsun1 <koreait.sun@gmail.com>
Date:   Mon Dec 29 19:45:36 2025 +0900

    251229 19:48 김영선 test폴더 안의 내용 수정

commit 9af53c27c2aa62acb2dd938cd5faecfbf6f433a9
Author: yeoungsun1 <koreait.sun@gmail.com>
Date:   Mon Dec 29 19:40:09 2025 +0900

    251229 19:39 join.txt, login.txt 파일 생성

=======
[실습2]
workspace 안에 test3 폴더 생성
1. git 환경 설정 내용을 확인
kimys@sun MINGW64 /e/web_0900_kys/git/workspace/test3
$ git config --list
diff.astextplain.textconv=astextplain
filter.lfs.clean=git-lfs clean -- %f
filter.lfs.smudge=git-lfs smudge -- %f
filter.lfs.process=git-lfs filter-process
filter.lfs.required=true
http.sslbackend=schannel
core.autocrlf=true
core.fscache=true
core.symlinks=false
pull.rebase=false
credential.helper=manager
credential.https://dev.azure.com.usehttppath=true
init.defaultbranch=master

kimys@sun MINGW64 /e/web_0900_kys/git/workspace/test3
$ git config --global user.name "yeoungsun1"

kimys@sun MINGW64 /e/web_0900_kys/git/workspace/test3
$ git config --global user.email "koreait.sun@gmail.com"

kimys@sun MINGW64 /e/web_0900_kys/git/workspace/test3
$ git config --list
diff.astextplain.textconv=astextplain
filter.lfs.clean=git-lfs clean -- %f
filter.lfs.smudge=git-lfs smudge -- %f
filter.lfs.process=git-lfs filter-process
filter.lfs.required=true
http.sslbackend=schannel
core.autocrlf=true
core.fscache=true
core.symlinks=false
pull.rebase=false
credential.helper=manager
credential.https://dev.azure.com.usehttppath=true
init.defaultbranch=master
user.name=yeoungsun1
user.email=koreait.sun@gmail.com

=> user.name과 user.email 추가됨 확인 가능

2. 현재 디렉터리를 git 저장소로 초기화

kimys@sun MINGW64 /e/web_0900_kys/git/workspace/test3
$ git init
Initialized empty Git repository in E:/web_0900_kys/git/workspace/test3/.git/

3. dev, test 폴더 2개 생성	

=> test3 폴더 안에 dev 폴더, test 폴더 생성

4. 현재 작업 공간 확인
	=> 비어있는 폴더만 있을 땐 git status 시 아무것도 나오지 않음(정상)

kimys@sun MINGW64 /e/web_0900_kys/git/workspace/test3 (master)
$ git status
On branch master

No commits yet

nothing to commit (create/copy files and use "git add" to track)

=> git status 확인 시 변화 없음 확인가능

5. dev 폴더에 login.txt 파일과 join.txt 파일 생성

=> dev 폴더 안에서 login.txt, join.txt 파일 생성 후 상태 확인

kimys@sun MINGW64 /e/web_0900_kys/git/workspace/test3 (master)
$ git status
On branch master

No commits yet

Untracked files:
  (use "git add <file>..." to include in what will be committed)
        dev/

nothing added to commit but untracked files present (use "git add" to track)

6. dev 폴더에 저장된 파일만 스테이징 후 커밋
	커밋메시지 : 날짜+시간 어떤 파일을 뭐했는지로 작성

kimys@sun MINGW64 /e/web_0900_kys/git/workspace/test3 (master)
$ git add .

kimys@sun MINGW64 /e/web_0900_kys/git/workspace/test3 (master)
$ git status
On branch master

No commits yet

Changes to be committed:
  (use "git rm --cached <file>..." to unstage)
        new file:   dev/join.txt
        new file:   dev/login.txt

=> 스테이징 된 것 확인

kimys@sun MINGW64 /e/web_0900_kys/git/workspace/test3 (master)
$ git commit -m "251229 19:39 join.txt, login.txt 파일 생성"
[master (root-commit) 9af53c2] 251229 19:39 join.txt, login.txt 파일 생성
 2 files changed, 0 insertions(+), 0 deletions(-)
 create mode 100644 dev/join.txt
 create mode 100644 dev/login.txt

kimys@sun MINGW64 /e/web_0900_kys/git/workspace/test3 (master)
$ git status
On branch master
nothing to commit, working tree clean

kimys@sun MINGW64 /e/web_0900_kys/git/workspace/test3 (master)
$ git log
commit 9af53c27c2aa62acb2dd938cd5faecfbf6f433a9 (HEAD -> master)
Author: yeoungsun1 <koreait.sun@gmail.com>
Date:   Mon Dec 29 19:40:09 2025 +0900

    251229 19:39 join.txt, login.txt 파일 생성

=> 커밋 후 로그까지 확인

7. test 폴더에 test.txt 파일 생성 후 파일 안에 테스트 중입니다 작성 후 저장

=> test 폴더에 test.txt 파일 생성 후 테스트 중입니다 작성 후 저장

kimys@sun MINGW64 /e/web_0900_kys/git/workspace/test3 (master)
$ git status
On branch master
Untracked files:
  (use "git add <file>..." to include in what will be committed)
        test/

nothing added to commit but untracked files present (use "git add" to track)
=> git status로 상태확인, Untracked 상태 확인 가능

8. dev 폴더에 저장된 login.txt 파일에 아이디와 비밀번호 입력하세요 내용 작성 후 저장

=> dev 폴더안에 login.txt 파일에 내용 수정 : 아이디와 비밀번호를 입력하세요 작성 후 저장

9. 현재 작업 공간 상태 확인

=> 파일의 상태 확인
kimys@sun MINGW64 /e/web_0900_kys/git/workspace/test3 (master)
$ git status
On branch master
Changes not staged for commit:
  (use "git add <file>..." to update what will be committed)
  (use "git restore <file>..." to discard changes in working directory)
        modified:   dev/login.txt

Untracked files:
  (use "git add <file>..." to include in what will be committed)
        test/

no changes added to commit (use "git add" and/or "git commit -a")

=> Untracked files 확인 가능

10. dev, test 폴더 하위 파일들 모두 한번에 스테이징

kimys@sun MINGW64 /e/web_0900_kys/git/workspace/test3 (master)
$ git add .

kimys@sun MINGW64 /e/web_0900_kys/git/workspace/test3 (master)
$ git status
On branch master
Changes to be committed:
  (use "git restore --staged <file>..." to unstage)
        modified:   dev/login.txt
        new file:   test/test.txt

=> 파일 상태가 modified와 new file로 뜨는 것 확인가능

11. 커밋진행
	커밋 메시지 : 날짜+시간 어떤 파일의 뭘 생성했고 수정했는지 작성

kimys@sun MINGW64 /e/web_0900_kys/git/workspace/test3 (master)
$ git commit -m "251229 19:45 dev/login.txt 파일내용 수정, test/test.txt 파일 생성"
[master 213191c] 251229 19:45 dev/login.txt 파일내용 수정, test/test.txt 파일 생성
 2 files changed, 2 insertions(+)
 create mode 100644 test/test.txt

kimys@sun MINGW64 /e/web_0900_kys/git/workspace/test3 (master)
$ git status
On branch master
nothing to commit, working tree clean

kimys@sun MINGW64 /e/web_0900_kys/git/workspace/test3 (master)
$ git log
commit 213191c07721f11eda4bcc2df796710438f480b6 (HEAD -> master)
Author: yeoungsun1 <koreait.sun@gmail.com>
Date:   Mon Dec 29 19:45:36 2025 +0900

    251229 19:45 dev/login.txt 파일내용 수정, test/test.txt 파일 생성

commit 9af53c27c2aa62acb2dd938cd5faecfbf6f433a9
Author: yeoungsun1 <koreait.sun@gmail.com>
Date:   Mon Dec 29 19:40:09 2025 +0900

    251229 19:39 join.txt, login.txt 파일 생성

=> log까지 확인

12. 가장 최근 커밋 메시지 수정(vim으로 수정할 것!)
	커밋 메시지 : 날짜+시간 본인이름 test폴더 안의 내용 수정

kimys@sun MINGW64 /e/web_0900_kys/git/workspace/test3 (master)
$ git commit --amend

=> i 누르고 엔터, 맨 위에 있는 내용 지우고 커밋 메시지 수정
=> 다 변경되면 esc 누른 뒤 : wq로 나오기


[master 7b518b4] 251229 19:48 김영선 test폴더 안의 내용 수정
 Date: Mon Dec 29 19:45:36 2025 +0900
 2 files changed, 2 insertions(+)
 create mode 100644 test/test.txt

kimys@sun MINGW64 /e/web_0900_kys/git/workspace/test3 (master)
$ git log
commit 7b518b4b4fa02f9ed10b1729ef9de0d90c0e6da8 (HEAD -> master)
Author: yeoungsun1 <koreait.sun@gmail.com>
Date:   Mon Dec 29 19:45:36 2025 +0900

    251229 19:48 김영선 test폴더 안의 내용 수정

commit 9af53c27c2aa62acb2dd938cd5faecfbf6f433a9
Author: yeoungsun1 <koreait.sun@gmail.com>
Date:   Mon Dec 29 19:40:09 2025 +0900

    251229 19:39 join.txt, login.txt 파일 생성

>>>>>>> 901e829430833ce479bc96d93f25554e454f06e0
=> 최종 로그 확인